node.exe : Error: Cannot find module 'E:\HAPPYAGENCY\00 Clients\00 En 
cours\Manuel\code src\react-native\mobile\src\core\LogicEngine' imported 
from E:\HAPPYAGENCY\00 Clients\00 En cours\Manuel\code 
src\react-native\verify_p2_1.ts
Au caractère Ligne:1 : 1
+ & "C:\Program Files\nodejs/node.exe" "C:\Program Files\nodejs/node_mo 
...
+ ~~~~~~~~~~~~~~~~~~~~~~~~~~~~~~~~~~~~~~~~~~~~~~~~~~~~~~~~~~~~~~~~~~~~~
    + CategoryInfo          : NotSpecified: (Error: Cannot f...\verify_p2 
   _1.ts:String) [], RemoteException
    + FullyQualifiedErrorId : NativeCommandError
 
Did you mean to import "./mobile/src/core/LogicEngine.ts"?
    at finalizeResolution (node:internal/modules/esm/resolve:274:11)
    at moduleResolve (node:internal/modules/esm/resolve:859:10)
    at defaultResolve (node:internal/modules/esm/resolve:983:11)
    at ModuleLoader.#cachedDefaultResolve 
(node:internal/modules/esm/loader:731:20)
    at ModuleLoader.resolve (node:internal/modules/esm/loader:708:38)
    at ModuleLoader.getModuleJobForImport 
(node:internal/modules/esm/loader:310:38)
    at ModuleJob._link (node:internal/modules/esm/module_job:182:49) {
  code: 'ERR_MODULE_NOT_FOUND',
  url: 'file:///E:/HAPPYAGENCY/00%20Clients/00%20En%20cours/Manuel/code%20
src/react-native/mobile/src/core/LogicEngine'
}
